Microsoft Windows [Version 10.0.26100.7462]
(c) Microsoft Corporation. All rights reserved.

C:\Users\Chris\My Drive (chris@invictuscockpits.com)\HOTASConfigurator>